{
  "type": "notification",
  "notification": "🌟 Let’s get started on the first prototype! 🛠️\n\nJust give me a moment to think everything through... 🤔💭\n\nI'll finalize the functional requirements first, then dive into prototype generation. 🧠✨\n\n🚧 Initial prototype is now in progress... 🚀💡\n\nWant to learn more about entity databases and event-driven architectures?\nCheck these out:\n- [What’s an Entity Database?](https://medium.com/@paul_42036/whats-an-entity-database-11f8538b631a)\n\n- [Entity Workflows for Event-Driven Architectures](https://medium.com/@paul_42036/entity-workflows-for-event-driven-architectures-4d491cf898a5)",
  "publish": true,
  "allow_anonymous_users": true
}